[0414/234627.620:ERROR:content\browser\network_sandbox.cc:385] Failed to grant sandbox access to cache directory C:\Temp\chrome-journal-club\Default\Cache\Cache_Data: Access is denied. (0x5)
[0414/234627.622:ERROR:content\browser\network_sandbox.cc:318] Failed to grant sandbox access to NoVarySearch directory C:\Temp\chrome-journal-club\Default\Cache\No_Vary_Search: Access is denied. (0x5)
[0414/234627.622:ERROR:content\browser\network_sandbox.cc:318] Failed to grant sandbox access to SharedDictionary directory C:\Temp\chrome-journal-club\Default\Shared Dictionary: Access is denied. (0x5)
[0414/234627.626:ERROR:content\browser\network_sandbox.cc:490] Failed to grant sandbox access to network context data directory C:\Temp\chrome-journal-club\Default\Network: Access is denied. (0x5)
[0414/234627.631:ERROR:net\disk_cache\simple\simple_backend_impl.cc:744] Simple Cache Backend: wrong file structure on disk: 2 path: C:\Temp\chrome-journal-club\Default\Code Cache\wasm
[0414/234627.634:ERROR:net\disk_cache\cache_util_win.cc:25] Unable to move the cache: Access is denied. (0x5)
[0414/234627.634:ERROR:net\disk_cache\disk_cache.cc:272] Unable to create cache
[0414/234627.635:ERROR:net\disk_cache\simple\simple_backend_impl.cc:744] Simple Cache Backend: wrong file structure on disk: 2 path: C:\Temp\chrome-journal-club\Default\Code Cache\js
[0414/234627.636:ERROR:net\disk_cache\cache_util_win.cc:25] Unable to move the cache: Access is denied. (0x5)
[0414/234627.636:ERROR:net\disk_cache\disk_cache.cc:272] Unable to create cache
[0414/234627.677:ERROR:content\browser\network_service_instance_impl.cc:243] Encountered error while migrating network context data or granting sandbox access for C:\Temp\chrome-journal-club\Default\Network. Result: 11: The operation completed successfully. (0x0)
[0414/234627.677:ERROR:net\disk_cache\cache_util_win.cc:25] Unable to move the cache: Access is denied. (0x5)
[0414/234627.677:ERROR:net\disk_cache\cache_util_win.cc:25] Unable to move the cache: Access is denied. (0x5)
[0414/234627.680:ERROR:net\disk_cache\cache_util_win.cc:25] Unable to move the cache: Access is denied. (0x5)
[0414/234627.683:ERROR:net\disk_cache\disk_cache.cc:272] Unable to create cache
[0414/234627.683:ERROR:gpu\ipc\host\gpu_disk_cache.cc:725] Gpu Cache Creation failed: -2
[0414/234627.683:ERROR:net\disk_cache\disk_cache.cc:272] Unable to create cache
[0414/234627.683:ERROR:gpu\ipc\host\gpu_disk_cache.cc:725] Gpu Cache Creation failed: -2
[0414/234627.683:ERROR:net\disk_cache\disk_cache.cc:272] Unable to create cache
[0414/234627.683:ERROR:gpu\ipc\host\gpu_disk_cache.cc:725] Gpu Cache Creation failed: -2
[0414/234629.629:WARNING:components\leveldb_proto\internal\leveldb_database.cc:124] Unable to open C:\Temp\chrome-journal-club\Default\PersistentOriginTrials: IO error: C:\Temp\chrome-journal-club\Default\PersistentOriginTrials/LOCK: Access denied. (ChromeMethodBFE: 15::LockFile::5)
[0414/234630.645:ERROR:components\services\storage\service_worker\service_worker_storage.cc:1808] Failed to delete the database: Database IO error
[0414/234631.656:WARNING:components\leveldb_proto\internal\leveldb_database.cc:124] Unable to open C:\Temp\chrome-journal-club\Default\shared_proto_db\metadata: IO error: C:\Temp\chrome-journal-club\Default\shared_proto_db\metadata/LOCK: Access denied. (ChromeMethodBFE: 15::LockFile::5)
[0414/234633.680:WARNING:components\leveldb_proto\internal\leveldb_database.cc:124] Unable to open C:\Temp\chrome-journal-club\Default\shared_proto_db\metadata: IO error: C:\Temp\chrome-journal-club\Default\shared_proto_db\metadata/LOCK: Access denied. (ChromeMethodBFE: 15::LockFile::5)
[0414/234635.695:WARNING:components\leveldb_proto\internal\leveldb_database.cc:124] Unable to open C:\Temp\chrome-journal-club\Default\shared_proto_db\metadata: IO error: C:\Temp\chrome-journal-club\Default\shared_proto_db\metadata/LOCK: Access denied. (ChromeMethodBFE: 15::LockFile::5)
[0414/234637.546:INFO:CONSOLE:0] "The resource https://sdfestaticassets-us-east-1.sciencedirectassets.com/shared-assets/24/images/elsevier-non-solus-new-grey.svg was preloaded using link preload but not used within a few seconds from the window's load event. Please make sure it has an appropriate `as` value and it is preloaded intentionally.", source: https://www.sciencedirect.com/science/article/pii/S000293782500955X (0)
[0414/234637.731:WARNING:components\leveldb_proto\internal\leveldb_database.cc:124] Unable to open C:\Temp\chrome-journal-club\Default\shared_proto_db\metadata: IO error: C:\Temp\chrome-journal-club\Default\shared_proto_db\metadata/LOCK: Access denied. (ChromeMethodBFE: 15::LockFile::5)
[0414/234641.050:INFO:CONSOLE:0] "The resource https://sdfestaticassets-us-east-1.sciencedirectassets.com/shared-assets/24/images/elsevier-non-solus-new-grey.svg was preloaded using link preload but not used within a few seconds from the window's load event. Please make sure it has an appropriate `as` value and it is preloaded intentionally.", source: https://www.sciencedirect.com/science/article/pii/S000293782500955X (0)
[0414/234836.875:INFO:CONSOLE:0] "The resource https://sdfestaticassets-us-east-1.sciencedirectassets.com/shared-assets/24/images/elsevier-non-solus-new-grey.svg was preloaded using link preload but not used within a few seconds from the window's load event. Please make sure it has an appropriate `as` value and it is preloaded intentionally.", source: https://www.sciencedirect.com/science/article/pii/S000293782500955X?ref=pdf (0)
[0414/235229.669:INFO:CONSOLE:0] "The resource https://sdfestaticassets-us-east-1.sciencedirectassets.com/shared-assets/24/images/elsevier-non-solus-new-grey.svg was preloaded using link preload but not used within a few seconds from the window's load event. Please make sure it has an appropriate `as` value and it is preloaded intentionally.", source: https://www.sciencedirect.com/science/article/pii/S000293782500955X (0)
[0414/235325.502:ERROR:content\browser\network_sandbox.cc:385] Failed to grant sandbox access to cache directory C:\Temp\chrome-journal-club\Default\Cache\Cache_Data: Access is denied. (0x5)
[0414/235325.503:ERROR:content\browser\network_sandbox.cc:318] Failed to grant sandbox access to NoVarySearch directory C:\Temp\chrome-journal-club\Default\Cache\No_Vary_Search: Access is denied. (0x5)
[0414/235325.504:ERROR:content\browser\network_sandbox.cc:318] Failed to grant sandbox access to SharedDictionary directory C:\Temp\chrome-journal-club\Default\Shared Dictionary: Access is denied. (0x5)
[0414/235325.505:ERROR:content\browser\network_sandbox.cc:490] Failed to grant sandbox access to network context data directory C:\Temp\chrome-journal-club\Default\Network: Access is denied. (0x5)
[0414/235325.508:ERROR:net\disk_cache\simple\simple_backend_impl.cc:744] Simple Cache Backend: wrong file structure on disk: 2 path: C:\Temp\chrome-journal-club\Default\Code Cache\wasm
[0414/235325.508:ERROR:net\disk_cache\cache_util_win.cc:25] Unable to move the cache: Access is denied. (0x5)
[0414/235325.508:ERROR:net\disk_cache\disk_cache.cc:272] Unable to create cache
[0414/235325.514:ERROR:net\disk_cache\simple\simple_backend_impl.cc:744] Simple Cache Backend: wrong file structure on disk: 2 path: C:\Temp\chrome-journal-club\Default\Code Cache\js
[0414/235325.515:ERROR:net\disk_cache\cache_util_win.cc:25] Unable to move the cache: Access is denied. (0x5)
[0414/235325.515:ERROR:net\disk_cache\disk_cache.cc:272] Unable to create cache
[0414/235325.521:ERROR:content\browser\network_service_instance_impl.cc:243] Encountered error while migrating network context data or granting sandbox access for C:\Temp\chrome-journal-club\Default\Network. Result: 11: The operation completed successfully. (0x0)
[0414/235325.521:ERROR:net\disk_cache\cache_util_win.cc:25] Unable to move the cache: Access is denied. (0x5)
[0414/235325.521:ERROR:net\disk_cache\cache_util_win.cc:25] Unable to move the cache: Access is denied. (0x5)
[0414/235325.523:ERROR:net\disk_cache\cache_util_win.cc:25] Unable to move the cache: Access is denied. (0x5)
[0414/235325.523:ERROR:net\disk_cache\disk_cache.cc:272] Unable to create cache
[0414/235325.523:ERROR:gpu\ipc\host\gpu_disk_cache.cc:725] Gpu Cache Creation failed: -2
[0414/235325.523:ERROR:net\disk_cache\disk_cache.cc:272] Unable to create cache
[0414/235325.523:ERROR:gpu\ipc\host\gpu_disk_cache.cc:725] Gpu Cache Creation failed: -2
[0414/235325.523:ERROR:net\disk_cache\disk_cache.cc:272] Unable to create cache
[0414/235325.523:ERROR:gpu\ipc\host\gpu_disk_cache.cc:725] Gpu Cache Creation failed: -2
[0414/235327.512:WARNING:components\leveldb_proto\internal\leveldb_database.cc:124] Unable to open C:\Temp\chrome-journal-club\Default\PersistentOriginTrials: IO error: C:\Temp\chrome-journal-club\Default\PersistentOriginTrials/LOCK: Access denied. (ChromeMethodBFE: 15::LockFile::5)
[0414/235328.527:ERROR:components\services\storage\service_worker\service_worker_storage.cc:1808] Failed to delete the database: Database IO error
[0414/235329.543:WARNING:components\leveldb_proto\internal\leveldb_database.cc:124] Unable to open C:\Temp\chrome-journal-club\Default\shared_proto_db\metadata: IO error: C:\Temp\chrome-journal-club\Default\shared_proto_db\metadata/LOCK: Access denied. (ChromeMethodBFE: 15::LockFile::5)
[0414/235331.561:WARNING:components\leveldb_proto\internal\leveldb_database.cc:124] Unable to open C:\Temp\chrome-journal-club\Default\shared_proto_db\metadata: IO error: C:\Temp\chrome-journal-club\Default\shared_proto_db\metadata/LOCK: Access denied. (ChromeMethodBFE: 15::LockFile::5)
[0414/235333.564:WARNING:components\leveldb_proto\internal\leveldb_database.cc:124] Unable to open C:\Temp\chrome-journal-club\Default\shared_proto_db\metadata: IO error: C:\Temp\chrome-journal-club\Default\shared_proto_db\metadata/LOCK: Access denied. (ChromeMethodBFE: 15::LockFile::5)
[0414/235335.597:INFO:CONSOLE:0] "The resource https://sdfestaticassets-us-east-1.sciencedirectassets.com/shared-assets/24/images/elsevier-non-solus-new-grey.svg was preloaded using link preload but not used within a few seconds from the window's load event. Please make sure it has an appropriate `as` value and it is preloaded intentionally.", source: https://www.sciencedirect.com/science/article/pii/S000293782500955X (0)
[0414/235335.597:WARNING:components\leveldb_proto\internal\leveldb_database.cc:124] Unable to open C:\Temp\chrome-journal-club\Default\shared_proto_db\metadata: IO error: C:\Temp\chrome-journal-club\Default\shared_proto_db\metadata/LOCK: Access denied. (ChromeMethodBFE: 15::LockFile::5)
[0414/235531.457:INFO:CONSOLE:0] "The resource https://sdfestaticassets-us-east-1.sciencedirectassets.com/shared-assets/24/images/elsevier-non-solus-new-grey.svg was preloaded using link preload but not used within a few seconds from the window's load event. Please make sure it has an appropriate `as` value and it is preloaded intentionally.", source: https://www.sciencedirect.com/science/article/pii/S000293782500955X?ref=pdf (0)
[0414/235924.013:INFO:CONSOLE:0] "The resource https://sdfestaticassets-us-east-1.sciencedirectassets.com/shared-assets/24/images/elsevier-non-solus-new-grey.svg was preloaded using link preload but not used within a few seconds from the window's load event. Please make sure it has an appropriate `as` value and it is preloaded intentionally.", source: https://www.sciencedirect.com/science/article/pii/S000293782500955X (0)
[0415/000206.452:ERROR:content\browser\network_sandbox.cc:385] Failed to grant sandbox access to cache directory C:\Temp\chrome-journal-club\Default\Cache\Cache_Data: Access is denied. (0x5)
[0415/000206.452:ERROR:content\browser\network_sandbox.cc:318] Failed to grant sandbox access to NoVarySearch directory C:\Temp\chrome-journal-club\Default\Cache\No_Vary_Search: Access is denied. (0x5)
[0415/000206.452:ERROR:content\browser\network_sandbox.cc:318] Failed to grant sandbox access to SharedDictionary directory C:\Temp\chrome-journal-club\Default\Shared Dictionary: Access is denied. (0x5)
[0415/000206.452:ERROR:content\browser\network_sandbox.cc:490] Failed to grant sandbox access to network context data directory C:\Temp\chrome-journal-club\Default\Network: Access is denied. (0x5)
[0415/000206.454:ERROR:net\disk_cache\simple\simple_backend_impl.cc:744] Simple Cache Backend: wrong file structure on disk: 2 path: C:\Temp\chrome-journal-club\Default\Code Cache\js
[0415/000206.454:ERROR:net\disk_cache\simple\simple_backend_impl.cc:744] Simple Cache Backend: wrong file structure on disk: 2 path: C:\Temp\chrome-journal-club\Default\Code Cache\wasm
[0415/000206.455:ERROR:net\disk_cache\cache_util_win.cc:25] Unable to move the cache: Access is denied. (0x5)
[0415/000206.455:ERROR:net\disk_cache\cache_util_win.cc:25] Unable to move the cache: Access is denied. (0x5)
[0415/000206.455:ERROR:net\disk_cache\disk_cache.cc:272] Unable to create cache
[0415/000206.455:ERROR:net\disk_cache\disk_cache.cc:272] Unable to create cache
[0415/000206.463:ERROR:content\browser\network_service_instance_impl.cc:243] Encountered error while migrating network context data or granting sandbox access for C:\Temp\chrome-journal-club\Default\Network. Result: 11: The operation completed successfully. (0x0)
[0415/000206.463:ERROR:net\disk_cache\cache_util_win.cc:25] Unable to move the cache: Access is denied. (0x5)
[0415/000206.463:ERROR:net\disk_cache\cache_util_win.cc:25] Unable to move the cache: Access is denied. (0x5)
[0415/000206.463:ERROR:net\disk_cache\cache_util_win.cc:25] Unable to move the cache: Access is denied. (0x5)
[0415/000206.463:ERROR:net\disk_cache\disk_cache.cc:272] Unable to create cache
[0415/000206.463:ERROR:gpu\ipc\host\gpu_disk_cache.cc:725] Gpu Cache Creation failed: -2
[0415/000206.463:ERROR:net\disk_cache\disk_cache.cc:272] Unable to create cache
[0415/000206.463:ERROR:gpu\ipc\host\gpu_disk_cache.cc:725] Gpu Cache Creation failed: -2
[0415/000206.463:ERROR:net\disk_cache\disk_cache.cc:272] Unable to create cache
[0415/000206.463:ERROR:gpu\ipc\host\gpu_disk_cache.cc:725] Gpu Cache Creation failed: -2
[0415/000208.467:WARNING:components\leveldb_proto\internal\leveldb_database.cc:124] Unable to open C:\Temp\chrome-journal-club\Default\PersistentOriginTrials: IO error: C:\Temp\chrome-journal-club\Default\PersistentOriginTrials/LOCK: Access denied. (ChromeMethodBFE: 15::LockFile::5)
[0415/000209.482:ERROR:components\services\storage\service_worker\service_worker_storage.cc:1808] Failed to delete the database: Database IO error
[0415/000210.495:WARNING:components\leveldb_proto\internal\leveldb_database.cc:124] Unable to open C:\Temp\chrome-journal-club\Default\shared_proto_db\metadata: IO error: C:\Temp\chrome-journal-club\Default\shared_proto_db\metadata/LOCK: Access denied. (ChromeMethodBFE: 15::LockFile::5)
[0415/000212.502:WARNING:components\leveldb_proto\internal\leveldb_database.cc:124] Unable to open C:\Temp\chrome-journal-club\Default\shared_proto_db\metadata: IO error: C:\Temp\chrome-journal-club\Default\shared_proto_db\metadata/LOCK: Access denied. (ChromeMethodBFE: 15::LockFile::5)
[0415/000213.574:INFO:CONSOLE:0] "The resource https://sdfestaticassets-us-east-1.sciencedirectassets.com/shared-assets/24/images/elsevier-non-solus-new-grey.svg was preloaded using link preload but not used within a few seconds from the window's load event. Please make sure it has an appropriate `as` value and it is preloaded intentionally.", source: https://www.sciencedirect.com/science/article/pii/S0002937826001894 (0)
[0415/000214.520:WARNING:components\leveldb_proto\internal\leveldb_database.cc:124] Unable to open C:\Temp\chrome-journal-club\Default\shared_proto_db\metadata: IO error: C:\Temp\chrome-journal-club\Default\shared_proto_db\metadata/LOCK: Access denied. (ChromeMethodBFE: 15::LockFile::5)
[0415/000216.538:WARNING:components\leveldb_proto\internal\leveldb_database.cc:124] Unable to open C:\Temp\chrome-journal-club\Default\shared_proto_db\metadata: IO error: C:\Temp\chrome-journal-club\Default\shared_proto_db\metadata/LOCK: Access denied. (ChromeMethodBFE: 15::LockFile::5)
[0415/000217.039:INFO:CONSOLE:0] "The resource https://sdfestaticassets-us-east-1.sciencedirectassets.com/shared-assets/24/images/elsevier-non-solus-new-grey.svg was preloaded using link preload but not used within a few seconds from the window's load event. Please make sure it has an appropriate `as` value and it is preloaded intentionally.", source: https://www.sciencedirect.com/science/article/pii/S0002937826001894 (0)
[0415/000412.870:INFO:CONSOLE:0] "The resource https://sdfestaticassets-us-east-1.sciencedirectassets.com/shared-assets/24/images/elsevier-non-solus-new-grey.svg was preloaded using link preload but not used within a few seconds from the window's load event. Please make sure it has an appropriate `as` value and it is preloaded intentionally.", source: https://www.sciencedirect.com/science/article/pii/S0002937826001894?ref=pdf (0)
[0415/000805.561:INFO:CONSOLE:0] "The resource https://sdfestaticassets-us-east-1.sciencedirectassets.com/shared-assets/24/images/elsevier-non-solus-new-grey.svg was preloaded using link preload but not used within a few seconds from the window's load event. Please make sure it has an appropriate `as` value and it is preloaded intentionally.", source: https://www.sciencedirect.com/science/article/pii/S0002937826001894 (0)
[0415/000859.107:ERROR:content\browser\network_sandbox.cc:385] Failed to grant sandbox access to cache directory C:\Temp\chrome-journal-club\Default\Cache\Cache_Data: Access is denied. (0x5)
[0415/000859.107:ERROR:content\browser\network_sandbox.cc:318] Failed to grant sandbox access to NoVarySearch directory C:\Temp\chrome-journal-club\Default\Cache\No_Vary_Search: Access is denied. (0x5)
[0415/000859.107:ERROR:net\disk_cache\simple\simple_backend_impl.cc:744] Simple Cache Backend: wrong file structure on disk: 2 path: C:\Temp\chrome-journal-club\Default\Code Cache\wasm
[0415/000859.107:ERROR:net\disk_cache\simple\simple_backend_impl.cc:744] Simple Cache Backend: wrong file structure on disk: 2 path: C:\Temp\chrome-journal-club\Default\Code Cache\js
[0415/000859.107:ERROR:content\browser\network_sandbox.cc:318] Failed to grant sandbox access to SharedDictionary directory C:\Temp\chrome-journal-club\Default\Shared Dictionary: Access is denied. (0x5)
[0415/000859.107:ERROR:net\disk_cache\cache_util_win.cc:25] Unable to move the cache: Access is denied. (0x5)
[0415/000859.107:ERROR:net\disk_cache\disk_cache.cc:272] Unable to create cache
[0415/000859.107:ERROR:content\browser\network_sandbox.cc:490] Failed to grant sandbox access to network context data directory C:\Temp\chrome-journal-club\Default\Network: Access is denied. (0x5)
[0415/000859.107:ERROR:net\disk_cache\cache_util_win.cc:25] Unable to move the cache: Access is denied. (0x5)
[0415/000859.107:ERROR:net\disk_cache\disk_cache.cc:272] Unable to create cache
[0415/000859.114:ERROR:content\browser\network_service_instance_impl.cc:243] Encountered error while migrating network context data or granting sandbox access for C:\Temp\chrome-journal-club\Default\Network. Result: 11: The operation completed successfully. (0x0)
[0415/000859.117:ERROR:net\disk_cache\cache_util_win.cc:25] Unable to move the cache: Access is denied. (0x5)
[0415/000859.117:ERROR:net\disk_cache\cache_util_win.cc:25] Unable to move the cache: Access is denied. (0x5)
[0415/000859.117:ERROR:net\disk_cache\cache_util_win.cc:25] Unable to move the cache: Access is denied. (0x5)
[0415/000859.117:ERROR:net\disk_cache\disk_cache.cc:272] Unable to create cache
[0415/000859.117:ERROR:gpu\ipc\host\gpu_disk_cache.cc:725] Gpu Cache Creation failed: -2
[0415/000859.117:ERROR:net\disk_cache\disk_cache.cc:272] Unable to create cache
[0415/000859.117:ERROR:gpu\ipc\host\gpu_disk_cache.cc:725] Gpu Cache Creation failed: -2
[0415/000859.117:ERROR:net\disk_cache\disk_cache.cc:272] Unable to create cache
[0415/000859.117:ERROR:gpu\ipc\host\gpu_disk_cache.cc:725] Gpu Cache Creation failed: -2
[0415/000901.114:WARNING:components\leveldb_proto\internal\leveldb_database.cc:124] Unable to open C:\Temp\chrome-journal-club\Default\PersistentOriginTrials: IO error: C:\Temp\chrome-journal-club\Default\PersistentOriginTrials/LOCK: Access denied. (ChromeMethodBFE: 15::LockFile::5)
[0415/000902.120:ERROR:components\services\storage\service_worker\service_worker_storage.cc:1808] Failed to delete the database: Database IO error
[0415/000903.139:WARNING:components\leveldb_proto\internal\leveldb_database.cc:124] Unable to open C:\Temp\chrome-journal-club\Default\shared_proto_db\metadata: IO error: C:\Temp\chrome-journal-club\Default\shared_proto_db\metadata/LOCK: Access denied. (ChromeMethodBFE: 15::LockFile::5)
[0415/000905.166:WARNING:components\leveldb_proto\internal\leveldb_database.cc:124] Unable to open C:\Temp\chrome-journal-club\Default\shared_proto_db\metadata: IO error: C:\Temp\chrome-journal-club\Default\shared_proto_db\metadata/LOCK: Access denied. (ChromeMethodBFE: 15::LockFile::5)
[0415/000906.090:INFO:CONSOLE:0] "The resource https://sdfestaticassets-us-east-1.sciencedirectassets.com/shared-assets/24/images/elsevier-non-solus-new-grey.svg was preloaded using link preload but not used within a few seconds from the window's load event. Please make sure it has an appropriate `as` value and it is preloaded intentionally.", source: https://www.sciencedirect.com/science/article/pii/S0002937826001894 (0)
[0415/000907.177:WARNING:components\leveldb_proto\internal\leveldb_database.cc:124] Unable to open C:\Temp\chrome-journal-club\Default\shared_proto_db\metadata: IO error: C:\Temp\chrome-journal-club\Default\shared_proto_db\metadata/LOCK: Access denied. (ChromeMethodBFE: 15::LockFile::5)
[0415/000909.201:WARNING:components\leveldb_proto\internal\leveldb_database.cc:124] Unable to open C:\Temp\chrome-journal-club\Default\shared_proto_db\metadata: IO error: C:\Temp\chrome-journal-club\Default\shared_proto_db\metadata/LOCK: Access denied. (ChromeMethodBFE: 15::LockFile::5)
[0415/000917.039:INFO:CONSOLE:0] "The resource https://sdfestaticassets-us-east-1.sciencedirectassets.com/shared-assets/24/images/elsevier-non-solus-new-grey.svg was preloaded using link preload but not used within a few seconds from the window's load event. Please make sure it has an appropriate `as` value and it is preloaded intentionally.", source: https://www.sciencedirect.com/science/article/pii/S0002937826001894 (0)
[0415/001112.759:INFO:CONSOLE:0] "The resource https://sdfestaticassets-us-east-1.sciencedirectassets.com/shared-assets/24/images/elsevier-non-solus-new-grey.svg was preloaded using link preload but not used within a few seconds from the window's load event. Please make sure it has an appropriate `as` value and it is preloaded intentionally.", source: https://www.sciencedirect.com/science/article/pii/S0002937826001894?ref=pdf (0)
[0415/001505.497:INFO:CONSOLE:0] "The resource https://sdfestaticassets-us-east-1.sciencedirectassets.com/shared-assets/24/images/elsevier-non-solus-new-grey.svg was preloaded using link preload but not used within a few seconds from the window's load event. Please make sure it has an appropriate `as` value and it is preloaded intentionally.", source: https://www.sciencedirect.com/science/article/pii/S0002937826001894 (0)
[0415/071720.022:ERROR:content\browser\network_sandbox.cc:385] Failed to grant sandbox access to cache directory C:\Temp\chrome-journal-club\Default\Cache\Cache_Data: Access is denied. (0x5)
[0415/071720.026:ERROR:content\browser\network_sandbox.cc:318] Failed to grant sandbox access to NoVarySearch directory C:\Temp\chrome-journal-club\Default\Cache\No_Vary_Search: Access is denied. (0x5)
[0415/071720.028:ERROR:content\browser\network_sandbox.cc:318] Failed to grant sandbox access to SharedDictionary directory C:\Temp\chrome-journal-club\Default\Shared Dictionary: Access is denied. (0x5)
[0415/071720.030:ERROR:content\browser\network_sandbox.cc:490] Failed to grant sandbox access to network context data directory C:\Temp\chrome-journal-club\Default\Network: Access is denied. (0x5)
[0415/071720.037:ERROR:net\disk_cache\simple\simple_backend_impl.cc:744] Simple Cache Backend: wrong file structure on disk: 2 path: C:\Temp\chrome-journal-club\Default\Code Cache\wasm
[0415/071720.043:ERROR:net\disk_cache\cache_util_win.cc:25] Unable to move the cache: Access is denied. (0x5)
[0415/071720.043:ERROR:net\disk_cache\disk_cache.cc:272] Unable to create cache
[0415/071720.045:ERROR:net\disk_cache\simple\simple_backend_impl.cc:744] Simple Cache Backend: wrong file structure on disk: 2 path: C:\Temp\chrome-journal-club\Default\Code Cache\js
[0415/071720.045:ERROR:net\disk_cache\cache_util_win.cc:25] Unable to move the cache: Access is denied. (0x5)
[0415/071720.045:ERROR:net\disk_cache\disk_cache.cc:272] Unable to create cache
[0415/071720.137:ERROR:content\browser\network_service_instance_impl.cc:243] Encountered error while migrating network context data or granting sandbox access for C:\Temp\chrome-journal-club\Default\Network. Result: 11: The operation completed successfully. (0x0)
[0415/071720.147:ERROR:net\disk_cache\cache_util_win.cc:25] Unable to move the cache: Access is denied. (0x5)
[0415/071720.152:ERROR:net\disk_cache\cache_util_win.cc:25] Unable to move the cache: Access is denied. (0x5)
[0415/071720.152:ERROR:net\disk_cache\cache_util_win.cc:25] Unable to move the cache: Access is denied. (0x5)
[0415/071720.166:ERROR:net\disk_cache\disk_cache.cc:272] Unable to create cache
[0415/071720.166:ERROR:gpu\ipc\host\gpu_disk_cache.cc:725] Gpu Cache Creation failed: -2
[0415/071720.166:ERROR:net\disk_cache\disk_cache.cc:272] Unable to create cache
[0415/071720.166:ERROR:gpu\ipc\host\gpu_disk_cache.cc:725] Gpu Cache Creation failed: -2
[0415/071720.166:ERROR:net\disk_cache\disk_cache.cc:272] Unable to create cache
[0415/071720.166:ERROR:gpu\ipc\host\gpu_disk_cache.cc:725] Gpu Cache Creation failed: -2
[0415/071720.332:ERROR:net\disk_cache\cache_util_win.cc:25] Unable to move the cache: Access is denied. (0x5)
[0415/071720.332:ERROR:net\disk_cache\disk_cache.cc:272] Unable to create cache
[0415/071720.332:ERROR:net\disk_cache\cache_util_win.cc:25] Unable to move the cache: Access is denied. (0x5)
[0415/071720.334:ERROR:gpu\ipc\host\gpu_disk_cache.cc:725] Gpu Cache Creation failed: -2
[0415/071720.334:ERROR:net\disk_cache\cache_util_win.cc:25] Unable to move the cache: Access is denied. (0x5)
[0415/071720.334:ERROR:net\disk_cache\disk_cache.cc:272] Unable to create cache
[0415/071720.334:ERROR:gpu\ipc\host\gpu_disk_cache.cc:725] Gpu Cache Creation failed: -2
[0415/071720.334:ERROR:net\disk_cache\disk_cache.cc:272] Unable to create cache
[0415/071720.334:ERROR:gpu\ipc\host\gpu_disk_cache.cc:725] Gpu Cache Creation failed: -2
[0415/071722.060:WARNING:components\leveldb_proto\internal\leveldb_database.cc:124] Unable to open C:\Temp\chrome-journal-club\Default\PersistentOriginTrials: IO error: C:\Temp\chrome-journal-club\Default\PersistentOriginTrials/LOCK: Access denied. (ChromeMethodBFE: 15::LockFile::5)
[0415/071723.104:ERROR:components\services\storage\service_worker\service_worker_storage.cc:1808] Failed to delete the database: Database IO error
[0415/071724.092:WARNING:components\leveldb_proto\internal\leveldb_database.cc:124] Unable to open C:\Temp\chrome-journal-club\Default\shared_proto_db\metadata: IO error: C:\Temp\chrome-journal-club\Default\shared_proto_db\metadata/LOCK: Access denied. (ChromeMethodBFE: 15::LockFile::5)
[0415/071726.125:WARNING:components\leveldb_proto\internal\leveldb_database.cc:124] Unable to open C:\Temp\chrome-journal-club\Default\shared_proto_db\metadata: IO error: C:\Temp\chrome-journal-club\Default\shared_proto_db\metadata/LOCK: Access denied. (ChromeMethodBFE: 15::LockFile::5)
[0415/071728.171:WARNING:components\leveldb_proto\internal\leveldb_database.cc:124] Unable to open C:\Temp\chrome-journal-club\Default\shared_proto_db\metadata: IO error: C:\Temp\chrome-journal-club\Default\shared_proto_db\metadata/LOCK: Access denied. (ChromeMethodBFE: 15::LockFile::5)
[0415/071730.186:WARNING:components\leveldb_proto\internal\leveldb_database.cc:124] Unable to open C:\Temp\chrome-journal-club\Default\shared_proto_db\metadata: IO error: C:\Temp\chrome-journal-club\Default\shared_proto_db\metadata/LOCK: Access denied. (ChromeMethodBFE: 15::LockFile::5)
[0415/071733.783:INFO:CONSOLE:0] "The resource https://sdfestaticassets-us-east-1.sciencedirectassets.com/shared-assets/24/images/elsevier-non-solus-new-grey.svg was preloaded using link preload but not used within a few seconds from the window's load event. Please make sure it has an appropriate `as` value and it is preloaded intentionally.", source: https://www.sciencedirect.com/science/article/pii/S0002937826001882 (0)
[0415/071929.934:INFO:CONSOLE:0] "The resource https://sdfestaticassets-us-east-1.sciencedirectassets.com/shared-assets/24/images/elsevier-non-solus-new-grey.svg was preloaded using link preload but not used within a few seconds from the window's load event. Please make sure it has an appropriate `as` value and it is preloaded intentionally.", source: https://www.sciencedirect.com/science/article/pii/S0002937826001882?ref=pdf (0)
[0415/072323.734:INFO:CONSOLE:0] "The resource https://sdfestaticassets-us-east-1.sciencedirectassets.com/shared-assets/24/images/elsevier-non-solus-new-grey.svg was preloaded using link preload but not used within a few seconds from the window's load event. Please make sure it has an appropriate `as` value and it is preloaded intentionally.", source: https://www.sciencedirect.com/science/article/pii/S0002937826001882 (0)
[0415/072417.641:ERROR:content\browser\network_sandbox.cc:385] Failed to grant sandbox access to cache directory C:\Temp\chrome-journal-club\Default\Cache\Cache_Data: Access is denied. (0x5)
[0415/072417.641:ERROR:content\browser\network_sandbox.cc:318] Failed to grant sandbox access to NoVarySearch directory C:\Temp\chrome-journal-club\Default\Cache\No_Vary_Search: Access is denied. (0x5)
[0415/072417.641:ERROR:content\browser\network_sandbox.cc:318] Failed to grant sandbox access to SharedDictionary directory C:\Temp\chrome-journal-club\Default\Shared Dictionary: Access is denied. (0x5)
[0415/072417.641:ERROR:content\browser\network_sandbox.cc:490] Failed to grant sandbox access to network context data directory C:\Temp\chrome-journal-club\Default\Network: Access is denied. (0x5)
[0415/072417.645:ERROR:net\disk_cache\simple\simple_backend_impl.cc:744] Simple Cache Backend: wrong file structure on disk: 2 path: C:\Temp\chrome-journal-club\Default\Code Cache\wasm
[0415/072417.645:ERROR:net\disk_cache\cache_util_win.cc:25] Unable to move the cache: Access is denied. (0x5)
[0415/072417.645:ERROR:net\disk_cache\disk_cache.cc:272] Unable to create cache
[0415/072417.648:ERROR:net\disk_cache\simple\simple_backend_impl.cc:744] Simple Cache Backend: wrong file structure on disk: 2 path: C:\Temp\chrome-journal-club\Default\Code Cache\js
[0415/072417.648:ERROR:net\disk_cache\cache_util_win.cc:25] Unable to move the cache: Access is denied. (0x5)
[0415/072417.648:ERROR:net\disk_cache\disk_cache.cc:272] Unable to create cache
[0415/072417.654:ERROR:content\browser\network_service_instance_impl.cc:243] Encountered error while migrating network context data or granting sandbox access for C:\Temp\chrome-journal-club\Default\Network. Result: 11: The operation completed successfully. (0x0)
[0415/072417.656:ERROR:net\disk_cache\cache_util_win.cc:25] Unable to move the cache: Access is denied. (0x5)
[0415/072417.656:ERROR:net\disk_cache\cache_util_win.cc:25] Unable to move the cache: Access is denied. (0x5)
[0415/072417.656:ERROR:net\disk_cache\disk_cache.cc:272] Unable to create cache
[0415/072417.656:ERROR:gpu\ipc\host\gpu_disk_cache.cc:725] Gpu Cache Creation failed: -2
[0415/072417.656:ERROR:net\disk_cache\cache_util_win.cc:25] Unable to move the cache: Access is denied. (0x5)
[0415/072417.656:ERROR:net\disk_cache\disk_cache.cc:272] Unable to create cache
[0415/072417.656:ERROR:gpu\ipc\host\gpu_disk_cache.cc:725] Gpu Cache Creation failed: -2
[0415/072417.656:ERROR:net\disk_cache\disk_cache.cc:272] Unable to create cache
[0415/072417.656:ERROR:gpu\ipc\host\gpu_disk_cache.cc:725] Gpu Cache Creation failed: -2
[0415/072419.663:WARNING:components\leveldb_proto\internal\leveldb_database.cc:124] Unable to open C:\Temp\chrome-journal-club\Default\PersistentOriginTrials: IO error: C:\Temp\chrome-journal-club\Default\PersistentOriginTrials/LOCK: Access denied. (ChromeMethodBFE: 15::LockFile::5)
[0415/072420.674:ERROR:components\services\storage\service_worker\service_worker_storage.cc:1808] Failed to delete the database: Database IO error
[0415/072421.691:WARNING:components\leveldb_proto\internal\leveldb_database.cc:124] Unable to open C:\Temp\chrome-journal-club\Default\shared_proto_db\metadata: IO error: C:\Temp\chrome-journal-club\Default\shared_proto_db\metadata/LOCK: Access denied. (ChromeMethodBFE: 15::LockFile::5)
[0415/072423.715:WARNING:components\leveldb_proto\internal\leveldb_database.cc:124] Unable to open C:\Temp\chrome-journal-club\Default\shared_proto_db\metadata: IO error: C:\Temp\chrome-journal-club\Default\shared_proto_db\metadata/LOCK: Access denied. (ChromeMethodBFE: 15::LockFile::5)
[0415/072425.197:INFO:CONSOLE:0] "The resource https://sdfestaticassets-us-east-1.sciencedirectassets.com/shared-assets/24/images/elsevier-non-solus-new-grey.svg was preloaded using link preload but not used within a few seconds from the window's load event. Please make sure it has an appropriate `as` value and it is preloaded intentionally.", source: https://www.sciencedirect.com/science/article/pii/S0002937826001882 (0)
[0415/072425.741:WARNING:components\leveldb_proto\internal\leveldb_database.cc:124] Unable to open C:\Temp\chrome-journal-club\Default\shared_proto_db\metadata: IO error: C:\Temp\chrome-journal-club\Default\shared_proto_db\metadata/LOCK: Access denied. (ChromeMethodBFE: 15::LockFile::5)
[0415/072427.756:WARNING:components\leveldb_proto\internal\leveldb_database.cc:124] Unable to open C:\Temp\chrome-journal-club\Default\shared_proto_db\metadata: IO error: C:\Temp\chrome-journal-club\Default\shared_proto_db\metadata/LOCK: Access denied. (ChromeMethodBFE: 15::LockFile::5)
[0415/072436.389:INFO:CONSOLE:0] "The resource https://sdfestaticassets-us-east-1.sciencedirectassets.com/shared-assets/24/images/elsevier-non-solus-new-grey.svg was preloaded using link preload but not used within a few seconds from the window's load event. Please make sure it has an appropriate `as` value and it is preloaded intentionally.", source: https://www.sciencedirect.com/science/article/pii/S0002937826001882 (0)
[0415/072632.591:INFO:CONSOLE:0] "The resource https://sdfestaticassets-us-east-1.sciencedirectassets.com/shared-assets/24/images/elsevier-non-solus-new-grey.svg was preloaded using link preload but not used within a few seconds from the window's load event. Please make sure it has an appropriate `as` value and it is preloaded intentionally.", source: https://www.sciencedirect.com/science/article/pii/S0002937826001882?ref=pdf (0)
[0415/072914.147:WARNING:net\dns\dns_config_service_win.cc:606] Failed to read DnsConfig.
[0415/073030.525:INFO:CONSOLE:0] "The resource https://sdfestaticassets-us-east-1.sciencedirectassets.com/shared-assets/24/images/elsevier-non-solus-new-grey.svg was preloaded using link preload but not used within a few seconds from the window's load event. Please make sure it has an appropriate `as` value and it is preloaded intentionally.", source: https://www.sciencedirect.com/science/article/pii/S0002937826001882 (0)
[0415/073055.696:WARNING:net\dns\dns_config_service_win.cc:606] Failed to read DnsConfig.
[0415/090346.637:ERROR:content\browser\network_sandbox.cc:385] Failed to grant sandbox access to cache directory C:\Temp\chrome-journal-club\Default\Cache\Cache_Data: Access is denied. (0x5)
[0415/090346.638:ERROR:content\browser\network_sandbox.cc:318] Failed to grant sandbox access to NoVarySearch directory C:\Temp\chrome-journal-club\Default\Cache\No_Vary_Search: Access is denied. (0x5)
[0415/090346.639:ERROR:net\disk_cache\simple\simple_backend_impl.cc:744] Simple Cache Backend: wrong file structure on disk: 2 path: C:\Temp\chrome-journal-club\Default\Code Cache\wasm
[0415/090346.639:ERROR:content\browser\network_sandbox.cc:318] Failed to grant sandbox access to SharedDictionary directory C:\Temp\chrome-journal-club\Default\Shared Dictionary: Access is denied. (0x5)
[0415/090346.639:ERROR:net\disk_cache\cache_util_win.cc:25] Unable to move the cache: Access is denied. (0x5)
[0415/090346.639:ERROR:net\disk_cache\disk_cache.cc:272] Unable to create cache
[0415/090346.640:ERROR:content\browser\network_sandbox.cc:490] Failed to grant sandbox access to network context data directory C:\Temp\chrome-journal-club\Default\Network: Access is denied. (0x5)
[0415/090346.644:ERROR:net\disk_cache\simple\simple_backend_impl.cc:744] Simple Cache Backend: wrong file structure on disk: 2 path: C:\Temp\chrome-journal-club\Default\Code Cache\js
[0415/090346.645:ERROR:net\disk_cache\cache_util_win.cc:25] Unable to move the cache: Access is denied. (0x5)
[0415/090346.645:ERROR:net\disk_cache\disk_cache.cc:272] Unable to create cache
[0415/090346.653:ERROR:content\browser\network_service_instance_impl.cc:243] Encountered error while migrating network context data or granting sandbox access for C:\Temp\chrome-journal-club\Default\Network. Result: 11: The operation completed successfully. (0x0)
[0415/090346.654:ERROR:net\disk_cache\cache_util_win.cc:25] Unable to move the cache: Access is denied. (0x5)
[0415/090346.654:ERROR:net\disk_cache\cache_util_win.cc:25] Unable to move the cache: Access is denied. (0x5)
[0415/090346.654:ERROR:net\disk_cache\cache_util_win.cc:25] Unable to move the cache: Access is denied. (0x5)
[0415/090346.655:ERROR:net\disk_cache\disk_cache.cc:272] Unable to create cache
[0415/090346.655:ERROR:gpu\ipc\host\gpu_disk_cache.cc:725] Gpu Cache Creation failed: -2
[0415/090346.655:ERROR:net\disk_cache\disk_cache.cc:272] Unable to create cache
[0415/090346.655:ERROR:gpu\ipc\host\gpu_disk_cache.cc:725] Gpu Cache Creation failed: -2
[0415/090346.655:ERROR:net\disk_cache\disk_cache.cc:272] Unable to create cache
[0415/090346.655:ERROR:gpu\ipc\host\gpu_disk_cache.cc:725] Gpu Cache Creation failed: -2
[0415/090348.648:WARNING:components\leveldb_proto\internal\leveldb_database.cc:124] Unable to open C:\Temp\chrome-journal-club\Default\PersistentOriginTrials: IO error: C:\Temp\chrome-journal-club\Default\PersistentOriginTrials/LOCK: Access denied. (ChromeMethodBFE: 15::LockFile::5)
[0415/090349.671:ERROR:components\services\storage\service_worker\service_worker_storage.cc:1808] Failed to delete the database: Database IO error
[0415/090350.661:WARNING:components\leveldb_proto\internal\leveldb_database.cc:124] Unable to open C:\Temp\chrome-journal-club\Default\shared_proto_db\metadata: IO error: C:\Temp\chrome-journal-club\Default\shared_proto_db\metadata/LOCK: Access denied. (ChromeMethodBFE: 15::LockFile::5)
[0415/090352.680:WARNING:components\leveldb_proto\internal\leveldb_database.cc:124] Unable to open C:\Temp\chrome-journal-club\Default\shared_proto_db\metadata: IO error: C:\Temp\chrome-journal-club\Default\shared_proto_db\metadata/LOCK: Access denied. (ChromeMethodBFE: 15::LockFile::5)
[0415/090354.699:WARNING:components\leveldb_proto\internal\leveldb_database.cc:124] Unable to open C:\Temp\chrome-journal-club\Default\shared_proto_db\metadata: IO error: C:\Temp\chrome-journal-club\Default\shared_proto_db\metadata/LOCK: Access denied. (ChromeMethodBFE: 15::LockFile::5)
[0415/090356.726:WARNING:components\leveldb_proto\internal\leveldb_database.cc:124] Unable to open C:\Temp\chrome-journal-club\Default\shared_proto_db\metadata: IO error: C:\Temp\chrome-journal-club\Default\shared_proto_db\metadata/LOCK: Access denied. (ChromeMethodBFE: 15::LockFile::5)
[0415/090401.057:INFO:CONSOLE:0] "The resource https://sdfestaticassets-us-east-1.sciencedirectassets.com/shared-assets/24/images/elsevier-non-solus-new-grey.svg was preloaded using link preload but not used within a few seconds from the window's load event. Please make sure it has an appropriate `as` value and it is preloaded intentionally.", source: https://www.sciencedirect.com/science/article/pii/S0002937826001912 (0)
[0415/090556.820:INFO:CONSOLE:0] "The resource https://sdfestaticassets-us-east-1.sciencedirectassets.com/shared-assets/24/images/elsevier-non-solus-new-grey.svg was preloaded using link preload but not used within a few seconds from the window's load event. Please make sure it has an appropriate `as` value and it is preloaded intentionally.", source: https://www.sciencedirect.com/science/article/pii/S0002937826001912?ref=pdf (0)
[0415/090949.400:INFO:CONSOLE:0] "The resource https://sdfestaticassets-us-east-1.sciencedirectassets.com/shared-assets/24/images/elsevier-non-solus-new-grey.svg was preloaded using link preload but not used within a few seconds from the window's load event. Please make sure it has an appropriate `as` value and it is preloaded intentionally.", source: https://www.sciencedirect.com/science/article/pii/S0002937826001912 (0)
[0415/091043.476:ERROR:content\browser\network_sandbox.cc:385] Failed to grant sandbox access to cache directory C:\Temp\chrome-journal-club\Default\Cache\Cache_Data: Access is denied. (0x5)
[0415/091043.478:ERROR:content\browser\network_sandbox.cc:318] Failed to grant sandbox access to NoVarySearch directory C:\Temp\chrome-journal-club\Default\Cache\No_Vary_Search: Access is denied. (0x5)
[0415/091043.479:ERROR:net\disk_cache\simple\simple_backend_impl.cc:744] Simple Cache Backend: wrong file structure on disk: 2 path: C:\Temp\chrome-journal-club\Default\Code Cache\wasm
[0415/091043.480:ERROR:content\browser\network_sandbox.cc:318] Failed to grant sandbox access to SharedDictionary directory C:\Temp\chrome-journal-club\Default\Shared Dictionary: Access is denied. (0x5)
[0415/091043.480:ERROR:net\disk_cache\cache_util_win.cc:25] Unable to move the cache: Access is denied. (0x5)
[0415/091043.480:ERROR:net\disk_cache\disk_cache.cc:272] Unable to create cache
[0415/091043.480:ERROR:net\disk_cache\simple\simple_backend_impl.cc:744] Simple Cache Backend: wrong file structure on disk: 2 path: C:\Temp\chrome-journal-club\Default\Code Cache\js
[0415/091043.482:ERROR:net\disk_cache\cache_util_win.cc:25] Unable to move the cache: Access is denied. (0x5)
[0415/091043.482:ERROR:net\disk_cache\disk_cache.cc:272] Unable to create cache
[0415/091043.482:ERROR:content\browser\network_sandbox.cc:490] Failed to grant sandbox access to network context data directory C:\Temp\chrome-journal-club\Default\Network: Access is denied. (0x5)
[0415/091043.497:ERROR:content\browser\network_service_instance_impl.cc:243] Encountered error while migrating network context data or granting sandbox access for C:\Temp\chrome-journal-club\Default\Network. Result: 11: The operation completed successfully. (0x0)
[0415/091043.498:ERROR:net\disk_cache\cache_util_win.cc:25] Unable to move the cache: Access is denied. (0x5)
[0415/091043.498:ERROR:net\disk_cache\cache_util_win.cc:25] Unable to move the cache: Access is denied. (0x5)
[0415/091043.498:ERROR:net\disk_cache\cache_util_win.cc:25] Unable to move the cache: Access is denied. (0x5)
[0415/091043.498:ERROR:net\disk_cache\disk_cache.cc:272] Unable to create cache
[0415/091043.498:ERROR:gpu\ipc\host\gpu_disk_cache.cc:725] Gpu Cache Creation failed: -2
[0415/091043.498:ERROR:net\disk_cache\disk_cache.cc:272] Unable to create cache
[0415/091043.498:ERROR:gpu\ipc\host\gpu_disk_cache.cc:725] Gpu Cache Creation failed: -2
[0415/091043.498:ERROR:net\disk_cache\disk_cache.cc:272] Unable to create cache
[0415/091043.498:ERROR:gpu\ipc\host\gpu_disk_cache.cc:725] Gpu Cache Creation failed: -2
[0415/091045.502:WARNING:components\leveldb_proto\internal\leveldb_database.cc:124] Unable to open C:\Temp\chrome-journal-club\Default\PersistentOriginTrials: IO error: C:\Temp\chrome-journal-club\Default\PersistentOriginTrials/LOCK: Access denied. (ChromeMethodBFE: 15::LockFile::5)
[0415/091046.510:ERROR:components\services\storage\service_worker\service_worker_storage.cc:1808] Failed to delete the database: Database IO error
[0415/091047.521:WARNING:components\leveldb_proto\internal\leveldb_database.cc:124] Unable to open C:\Temp\chrome-journal-club\Default\shared_proto_db\metadata: IO error: C:\Temp\chrome-journal-club\Default\shared_proto_db\metadata/LOCK: Access denied. (ChromeMethodBFE: 15::LockFile::5)
[0415/091049.543:WARNING:components\leveldb_proto\internal\leveldb_database.cc:124] Unable to open C:\Temp\chrome-journal-club\Default\shared_proto_db\metadata: IO error: C:\Temp\chrome-journal-club\Default\shared_proto_db\metadata/LOCK: Access denied. (ChromeMethodBFE: 15::LockFile::5)
[0415/091050.959:INFO:CONSOLE:0] "The resource https://sdfestaticassets-us-east-1.sciencedirectassets.com/shared-assets/24/images/elsevier-non-solus-new-grey.svg was preloaded using link preload but not used within a few seconds from the window's load event. Please make sure it has an appropriate `as` value and it is preloaded intentionally.", source: https://www.sciencedirect.com/science/article/pii/S0002937826001912 (0)
[0415/091051.565:WARNING:components\leveldb_proto\internal\leveldb_database.cc:124] Unable to open C:\Temp\chrome-journal-club\Default\shared_proto_db\metadata: IO error: C:\Temp\chrome-journal-club\Default\shared_proto_db\metadata/LOCK: Access denied. (ChromeMethodBFE: 15::LockFile::5)
[0415/091053.581:WARNING:components\leveldb_proto\internal\leveldb_database.cc:124] Unable to open C:\Temp\chrome-journal-club\Default\shared_proto_db\metadata: IO error: C:\Temp\chrome-journal-club\Default\shared_proto_db\metadata/LOCK: Access denied. (ChromeMethodBFE: 15::LockFile::5)
[0415/091101.920:INFO:CONSOLE:0] "The resource https://sdfestaticassets-us-east-1.sciencedirectassets.com/shared-assets/24/images/elsevier-non-solus-new-grey.svg was preloaded using link preload but not used within a few seconds from the window's load event. Please make sure it has an appropriate `as` value and it is preloaded intentionally.", source: https://www.sciencedirect.com/science/article/pii/S0002937826001912 (0)
[0415/091257.511:INFO:CONSOLE:0] "The resource https://sdfestaticassets-us-east-1.sciencedirectassets.com/shared-assets/24/images/elsevier-non-solus-new-grey.svg was preloaded using link preload but not used within a few seconds from the window's load event. Please make sure it has an appropriate `as` value and it is preloaded intentionally.", source: https://www.sciencedirect.com/science/article/pii/S0002937826001912?ref=pdf (0)
[0415/091650.056:INFO:CONSOLE:0] "The resource https://sdfestaticassets-us-east-1.sciencedirectassets.com/shared-assets/24/images/elsevier-non-solus-new-grey.svg was preloaded using link preload but not used within a few seconds from the window's load event. Please make sure it has an appropriate `as` value and it is preloaded intentionally.", source: https://www.sciencedirect.com/science/article/pii/S0002937826001912 (0)
[0415/102126.096:ERROR:content\browser\network_sandbox.cc:385] Failed to grant sandbox access to cache directory C:\Temp\chrome-journal-club\Default\Cache\Cache_Data: Access is denied. (0x5)
[0415/102126.096:ERROR:content\browser\network_sandbox.cc:318] Failed to grant sandbox access to NoVarySearch directory C:\Temp\chrome-journal-club\Default\Cache\No_Vary_Search: Access is denied. (0x5)
[0415/102126.096:ERROR:content\browser\network_sandbox.cc:318] Failed to grant sandbox access to SharedDictionary directory C:\Temp\chrome-journal-club\Default\Shared Dictionary: Access is denied. (0x5)
[0415/102126.098:ERROR:content\browser\network_sandbox.cc:490] Failed to grant sandbox access to network context data directory C:\Temp\chrome-journal-club\Default\Network: Access is denied. (0x5)
[0415/102126.098:ERROR:net\disk_cache\simple\simple_backend_impl.cc:744] Simple Cache Backend: wrong file structure on disk: 2 path: C:\Temp\chrome-journal-club\Default\Code Cache\wasm
[0415/102126.098:ERROR:net\disk_cache\simple\simple_backend_impl.cc:744] Simple Cache Backend: wrong file structure on disk: 2 path: C:\Temp\chrome-journal-club\Default\Code Cache\js
[0415/102126.098:ERROR:net\disk_cache\cache_util_win.cc:25] Unable to move the cache: Access is denied. (0x5)
[0415/102126.098:ERROR:net\disk_cache\disk_cache.cc:272] Unable to create cache
[0415/102126.098:ERROR:net\disk_cache\cache_util_win.cc:25] Unable to move the cache: Access is denied. (0x5)
[0415/102126.099:ERROR:net\disk_cache\disk_cache.cc:272] Unable to create cache
[0415/102126.106:ERROR:content\browser\network_service_instance_impl.cc:243] Encountered error while migrating network context data or granting sandbox access for C:\Temp\chrome-journal-club\Default\Network. Result: 11: The operation completed successfully. (0x0)
[0415/102126.106:ERROR:net\disk_cache\cache_util_win.cc:25] Unable to move the cache: Access is denied. (0x5)
[0415/102126.106:ERROR:net\disk_cache\cache_util_win.cc:25] Unable to move the cache: Access is denied. (0x5)
[0415/102126.108:ERROR:net\disk_cache\cache_util_win.cc:25] Unable to move the cache: Access is denied. (0x5)
[0415/102126.108:ERROR:net\disk_cache\disk_cache.cc:272] Unable to create cache
[0415/102126.108:ERROR:gpu\ipc\host\gpu_disk_cache.cc:725] Gpu Cache Creation failed: -2
[0415/102126.108:ERROR:net\disk_cache\disk_cache.cc:272] Unable to create cache
[0415/102126.108:ERROR:gpu\ipc\host\gpu_disk_cache.cc:725] Gpu Cache Creation failed: -2
[0415/102126.109:ERROR:net\disk_cache\disk_cache.cc:272] Unable to create cache
[0415/102126.109:ERROR:gpu\ipc\host\gpu_disk_cache.cc:725] Gpu Cache Creation failed: -2
[0415/102128.112:WARNING:components\leveldb_proto\internal\leveldb_database.cc:124] Unable to open C:\Temp\chrome-journal-club\Default\PersistentOriginTrials: IO error: C:\Temp\chrome-journal-club\Default\PersistentOriginTrials/LOCK: Access denied. (ChromeMethodBFE: 15::LockFile::5)
[0415/102129.120:ERROR:components\services\storage\service_worker\service_worker_storage.cc:1808] Failed to delete the database: Database IO error
[0415/102130.131:WARNING:components\leveldb_proto\internal\leveldb_database.cc:124] Unable to open C:\Temp\chrome-journal-club\Default\shared_proto_db\metadata: IO error: C:\Temp\chrome-journal-club\Default\shared_proto_db\metadata/LOCK: Access denied. (ChromeMethodBFE: 15::LockFile::5)
[0415/102132.156:WARNING:components\leveldb_proto\internal\leveldb_database.cc:124] Unable to open C:\Temp\chrome-journal-club\Default\shared_proto_db\metadata: IO error: C:\Temp\chrome-journal-club\Default\shared_proto_db\metadata/LOCK: Access denied. (ChromeMethodBFE: 15::LockFile::5)
[0415/102134.178:WARNING:components\leveldb_proto\internal\leveldb_database.cc:124] Unable to open C:\Temp\chrome-journal-club\Default\shared_proto_db\metadata: IO error: C:\Temp\chrome-journal-club\Default\shared_proto_db\metadata/LOCK: Access denied. (ChromeMethodBFE: 15::LockFile::5)
[0415/102136.200:WARNING:components\leveldb_proto\internal\leveldb_database.cc:124] Unable to open C:\Temp\chrome-journal-club\Default\shared_proto_db\metadata: IO error: C:\Temp\chrome-journal-club\Default\shared_proto_db\metadata/LOCK: Access denied. (ChromeMethodBFE: 15::LockFile::5)
[0415/102136.781:INFO:CONSOLE:0] "The resource https://sdfestaticassets-us-east-1.sciencedirectassets.com/shared-assets/24/images/elsevier-non-solus-new-grey.svg was preloaded using link preload but not used within a few seconds from the window's load event. Please make sure it has an appropriate `as` value and it is preloaded intentionally.", source: https://www.sciencedirect.com/science/article/pii/S0002937826001882 (0)
[0415/102147.867:INFO:CONSOLE:0] "The resource https://sdfestaticassets-us-east-1.sciencedirectassets.com/shared-assets/24/images/elsevier-non-solus-new-grey.svg was preloaded using link preload but not used within a few seconds from the window's load event. Please make sure it has an appropriate `as` value and it is preloaded intentionally.", source: https://www.sciencedirect.com/science/article/pii/S0002937826001882 (0)
[0415/102344.562:INFO:CONSOLE:0] "The resource https://sdfestaticassets-us-east-1.sciencedirectassets.com/shared-assets/24/images/elsevier-non-solus-new-grey.svg was preloaded using link preload but not used within a few seconds from the window's load event. Please make sure it has an appropriate `as` value and it is preloaded intentionally.", source: https://www.sciencedirect.com/science/article/pii/S0002937826001882?ref=pdf (0)
[0415/102738.161:INFO:CONSOLE:0] "The resource https://sdfestaticassets-us-east-1.sciencedirectassets.com/shared-assets/24/images/elsevier-non-solus-new-grey.svg was preloaded using link preload but not used within a few seconds from the window's load event. Please make sure it has an appropriate `as` value and it is preloaded intentionally.", source: https://www.sciencedirect.com/science/article/pii/S0002937826001882 (0)
[0415/102831.575:ERROR:content\browser\network_sandbox.cc:385] Failed to grant sandbox access to cache directory C:\Temp\chrome-journal-club\Default\Cache\Cache_Data: Access is denied. (0x5)
[0415/102831.575:ERROR:content\browser\network_sandbox.cc:318] Failed to grant sandbox access to NoVarySearch directory C:\Temp\chrome-journal-club\Default\Cache\No_Vary_Search: Access is denied. (0x5)
[0415/102831.575:ERROR:content\browser\network_sandbox.cc:318] Failed to grant sandbox access to SharedDictionary directory C:\Temp\chrome-journal-club\Default\Shared Dictionary: Access is denied. (0x5)
[0415/102831.575:ERROR:net\disk_cache\simple\simple_backend_impl.cc:744] Simple Cache Backend: wrong file structure on disk: 2 path: C:\Temp\chrome-journal-club\Default\Code Cache\wasm
[0415/102831.575:ERROR:content\browser\network_sandbox.cc:490] Failed to grant sandbox access to network context data directory C:\Temp\chrome-journal-club\Default\Network: Access is denied. (0x5)
[0415/102831.575:ERROR:net\disk_cache\cache_util_win.cc:25] Unable to move the cache: Access is denied. (0x5)
[0415/102831.575:ERROR:net\disk_cache\simple\simple_backend_impl.cc:744] Simple Cache Backend: wrong file structure on disk: 2 path: C:\Temp\chrome-journal-club\Default\Code Cache\js
[0415/102831.575:ERROR:net\disk_cache\disk_cache.cc:272] Unable to create cache
[0415/102831.575:ERROR:net\disk_cache\cache_util_win.cc:25] Unable to move the cache: Access is denied. (0x5)
[0415/102831.575:ERROR:net\disk_cache\disk_cache.cc:272] Unable to create cache
[0415/102831.591:ERROR:content\browser\network_service_instance_impl.cc:243] Encountered error while migrating network context data or granting sandbox access for C:\Temp\chrome-journal-club\Default\Network. Result: 11: The operation completed successfully. (0x0)
[0415/102831.591:ERROR:net\disk_cache\cache_util_win.cc:25] Unable to move the cache: Access is denied. (0x5)
[0415/102831.591:ERROR:net\disk_cache\cache_util_win.cc:25] Unable to move the cache: Access is denied. (0x5)
[0415/102831.591:ERROR:net\disk_cache\disk_cache.cc:272] Unable to create cache
[0415/102831.591:ERROR:gpu\ipc\host\gpu_disk_cache.cc:725] Gpu Cache Creation failed: -2
[0415/102831.591:ERROR:net\disk_cache\disk_cache.cc:272] Unable to create cache
[0415/102831.591:ERROR:gpu\ipc\host\gpu_disk_cache.cc:725] Gpu Cache Creation failed: -2
[0415/102831.591:ERROR:net\disk_cache\cache_util_win.cc:25] Unable to move the cache: Access is denied. (0x5)
[0415/102831.591:ERROR:net\disk_cache\disk_cache.cc:272] Unable to create cache
[0415/102831.591:ERROR:gpu\ipc\host\gpu_disk_cache.cc:725] Gpu Cache Creation failed: -2
[0415/102833.609:WARNING:components\leveldb_proto\internal\leveldb_database.cc:124] Unable to open C:\Temp\chrome-journal-club\Default\PersistentOriginTrials: IO error: C:\Temp\chrome-journal-club\Default\PersistentOriginTrials/LOCK: Access denied. (ChromeMethodBFE: 15::LockFile::5)
[0415/102834.617:ERROR:components\services\storage\service_worker\service_worker_storage.cc:1808] Failed to delete the database: Database IO error
[0415/102835.627:WARNING:components\leveldb_proto\internal\leveldb_database.cc:124] Unable to open C:\Temp\chrome-journal-club\Default\shared_proto_db\metadata: IO error: C:\Temp\chrome-journal-club\Default\shared_proto_db\metadata/LOCK: Access denied. (ChromeMethodBFE: 15::LockFile::5)
[0415/102837.648:WARNING:components\leveldb_proto\internal\leveldb_database.cc:124] Unable to open C:\Temp\chrome-journal-club\Default\shared_proto_db\metadata: IO error: C:\Temp\chrome-journal-club\Default\shared_proto_db\metadata/LOCK: Access denied. (ChromeMethodBFE: 15::LockFile::5)
[0415/102839.454:INFO:CONSOLE:0] "The resource https://sdfestaticassets-us-east-1.sciencedirectassets.com/shared-assets/24/images/elsevier-non-solus-new-grey.svg was preloaded using link preload but not used within a few seconds from the window's load event. Please make sure it has an appropriate `as` value and it is preloaded intentionally.", source: https://www.sciencedirect.com/science/article/pii/S0002937826001882 (0)
[0415/102839.662:WARNING:components\leveldb_proto\internal\leveldb_database.cc:124] Unable to open C:\Temp\chrome-journal-club\Default\shared_proto_db\metadata: IO error: C:\Temp\chrome-journal-club\Default\shared_proto_db\metadata/LOCK: Access denied. (ChromeMethodBFE: 15::LockFile::5)
[0415/102841.683:WARNING:components\leveldb_proto\internal\leveldb_database.cc:124] Unable to open C:\Temp\chrome-journal-club\Default\shared_proto_db\metadata: IO error: C:\Temp\chrome-journal-club\Default\shared_proto_db\metadata/LOCK: Access denied. (ChromeMethodBFE: 15::LockFile::5)
[0415/102850.898:INFO:CONSOLE:0] "The resource https://sdfestaticassets-us-east-1.sciencedirectassets.com/shared-assets/24/images/elsevier-non-solus-new-grey.svg was preloaded using link preload but not used within a few seconds from the window's load event. Please make sure it has an appropriate `as` value and it is preloaded intentionally.", source: https://www.sciencedirect.com/science/article/pii/S0002937826001882 (0)
[0415/103047.951:INFO:CONSOLE:0] "The resource https://sdfestaticassets-us-east-1.sciencedirectassets.com/shared-assets/24/images/elsevier-non-solus-new-grey.svg was preloaded using link preload but not used within a few seconds from the window's load event. Please make sure it has an appropriate `as` value and it is preloaded intentionally.", source: https://www.sciencedirect.com/science/article/pii/S0002937826001882?ref=pdf (0)
[0415/103441.896:INFO:CONSOLE:0] "The resource https://sdfestaticassets-us-east-1.sciencedirectassets.com/shared-assets/24/images/elsevier-non-solus-new-grey.svg was preloaded using link preload but not used within a few seconds from the window's load event. Please make sure it has an appropriate `as` value and it is preloaded intentionally.", source: https://www.sciencedirect.com/science/article/pii/S0002937826001882 (0)
[0415/130411.365:ERROR:content\browser\network_sandbox.cc:385] Failed to grant sandbox access to cache directory C:\Temp\chrome-journal-club\Default\Cache\Cache_Data: Access is denied. (0x5)
[0415/130411.365:ERROR:content\browser\network_sandbox.cc:318] Failed to grant sandbox access to NoVarySearch directory C:\Temp\chrome-journal-club\Default\Cache\No_Vary_Search: Access is denied. (0x5)
[0415/130411.378:ERROR:content\browser\network_sandbox.cc:318] Failed to grant sandbox access to SharedDictionary directory C:\Temp\chrome-journal-club\Default\Shared Dictionary: Access is denied. (0x5)
[0415/130411.378:ERROR:net\disk_cache\simple\simple_backend_impl.cc:744] Simple Cache Backend: wrong file structure on disk: 2 path: C:\Temp\chrome-journal-club\Default\Code Cache\wasm
[0415/130411.378:ERROR:net\disk_cache\cache_util_win.cc:25] Unable to move the cache: Access is denied. (0x5)
[0415/130411.378:ERROR:net\disk_cache\disk_cache.cc:272] Unable to create cache
[0415/130411.378:ERROR:content\browser\network_sandbox.cc:490] Failed to grant sandbox access to network context data directory C:\Temp\chrome-journal-club\Default\Network: Access is denied. (0x5)
[0415/130411.382:ERROR:net\disk_cache\simple\simple_backend_impl.cc:744] Simple Cache Backend: wrong file structure on disk: 2 path: C:\Temp\chrome-journal-club\Default\Code Cache\js
[0415/130411.382:ERROR:net\disk_cache\cache_util_win.cc:25] Unable to move the cache: Access is denied. (0x5)
[0415/130411.382:ERROR:net\disk_cache\disk_cache.cc:272] Unable to create cache
[0415/130411.387:ERROR:content\browser\network_service_instance_impl.cc:243] Encountered error while migrating network context data or granting sandbox access for C:\Temp\chrome-journal-club\Default\Network. Result: 11: The operation completed successfully. (0x0)
[0415/130411.387:ERROR:net\disk_cache\cache_util_win.cc:25] Unable to move the cache: Access is denied. (0x5)
[0415/130411.387:ERROR:net\disk_cache\cache_util_win.cc:25] Unable to move the cache: Access is denied. (0x5)
[0415/130411.387:ERROR:net\disk_cache\cache_util_win.cc:25] Unable to move the cache: Access is denied. (0x5)
[0415/130411.387:ERROR:net\disk_cache\disk_cache.cc:272] Unable to create cache
[0415/130411.387:ERROR:gpu\ipc\host\gpu_disk_cache.cc:725] Gpu Cache Creation failed: -2
[0415/130411.387:ERROR:net\disk_cache\disk_cache.cc:272] Unable to create cache
[0415/130411.387:ERROR:gpu\ipc\host\gpu_disk_cache.cc:725] Gpu Cache Creation failed: -2
[0415/130411.387:ERROR:net\disk_cache\disk_cache.cc:272] Unable to create cache
[0415/130411.387:ERROR:gpu\ipc\host\gpu_disk_cache.cc:725] Gpu Cache Creation failed: -2
[0415/130413.397:WARNING:components\leveldb_proto\internal\leveldb_database.cc:124] Unable to open C:\Temp\chrome-journal-club\Default\PersistentOriginTrials: IO error: C:\Temp\chrome-journal-club\Default\PersistentOriginTrials/LOCK: Access denied. (ChromeMethodBFE: 15::LockFile::5)
[0415/130414.401:ERROR:components\services\storage\service_worker\service_worker_storage.cc:1808] Failed to delete the database: Database IO error
[0415/130415.424:WARNING:components\leveldb_proto\internal\leveldb_database.cc:124] Unable to open C:\Temp\chrome-journal-club\Default\shared_proto_db\metadata: IO error: C:\Temp\chrome-journal-club\Default\shared_proto_db\metadata/LOCK: Access denied. (ChromeMethodBFE: 15::LockFile::5)
[0415/130417.445:WARNING:components\leveldb_proto\internal\leveldb_database.cc:124] Unable to open C:\Temp\chrome-journal-club\Default\shared_proto_db\metadata: IO error: C:\Temp\chrome-journal-club\Default\shared_proto_db\metadata/LOCK: Access denied. (ChromeMethodBFE: 15::LockFile::5)
[0415/130419.458:WARNING:components\leveldb_proto\internal\leveldb_database.cc:124] Unable to open C:\Temp\chrome-journal-club\Default\shared_proto_db\metadata: IO error: C:\Temp\chrome-journal-club\Default\shared_proto_db\metadata/LOCK: Access denied. (ChromeMethodBFE: 15::LockFile::5)
[0415/130421.489:WARNING:components\leveldb_proto\internal\leveldb_database.cc:124] Unable to open C:\Temp\chrome-journal-club\Default\shared_proto_db\metadata: IO error: C:\Temp\chrome-journal-club\Default\shared_proto_db\metadata/LOCK: Access denied. (ChromeMethodBFE: 15::LockFile::5)
[0415/130421.842:INFO:CONSOLE:0] "The resource https://sdfestaticassets-us-east-1.sciencedirectassets.com/shared-assets/24/images/elsevier-non-solus-new-grey.svg was preloaded using link preload but not used within a few seconds from the window's load event. Please make sure it has an appropriate `as` value and it is preloaded intentionally.", source: https://www.sciencedirect.com/science/article/pii/S0002937826001882 (0)
[0415/130432.929:INFO:CONSOLE:0] "The resource https://sdfestaticassets-us-east-1.sciencedirectassets.com/shared-assets/24/images/elsevier-non-solus-new-grey.svg was preloaded using link preload but not used within a few seconds from the window's load event. Please make sure it has an appropriate `as` value and it is preloaded intentionally.", source: https://www.sciencedirect.com/science/article/pii/S0002937826001882 (0)
[0415/130628.588:INFO:CONSOLE:0] "The resource https://sdfestaticassets-us-east-1.sciencedirectassets.com/shared-assets/24/images/elsevier-non-solus-new-grey.svg was preloaded using link preload but not used within a few seconds from the window's load event. Please make sure it has an appropriate `as` value and it is preloaded intentionally.", source: https://www.sciencedirect.com/science/article/pii/S0002937826001882?ref=pdf (0)
[0415/130915.349:ERROR:content\browser\network_sandbox.cc:385] Failed to grant sandbox access to cache directory C:\Temp\chrome-journal-club\Default\Cache\Cache_Data: Access is denied. (0x5)
[0415/130915.349:ERROR:content\browser\network_sandbox.cc:318] Failed to grant sandbox access to NoVarySearch directory C:\Temp\chrome-journal-club\Default\Cache\No_Vary_Search: Access is denied. (0x5)
[0415/130915.351:ERROR:content\browser\network_sandbox.cc:318] Failed to grant sandbox access to SharedDictionary directory C:\Temp\chrome-journal-club\Default\Shared Dictionary: Access is denied. (0x5)
[0415/130915.351:ERROR:net\disk_cache\simple\simple_backend_impl.cc:744] Simple Cache Backend: wrong file structure on disk: 2 path: C:\Temp\chrome-journal-club\Default\Code Cache\js
[0415/130915.351:ERROR:net\disk_cache\simple\simple_backend_impl.cc:744] Simple Cache Backend: wrong file structure on disk: 2 path: C:\Temp\chrome-journal-club\Default\Code Cache\wasm
[0415/130915.351:ERROR:content\browser\network_sandbox.cc:490] Failed to grant sandbox access to network context data directory C:\Temp\chrome-journal-club\Default\Network: Access is denied. (0x5)
[0415/130915.351:ERROR:net\disk_cache\cache_util_win.cc:25] Unable to move the cache: Access is denied. (0x5)
[0415/130915.351:ERROR:net\disk_cache\cache_util_win.cc:25] Unable to move the cache: Access is denied. (0x5)
[0415/130915.351:ERROR:net\disk_cache\disk_cache.cc:272] Unable to create cache
[0415/130915.351:ERROR:net\disk_cache\disk_cache.cc:272] Unable to create cache
[0415/130915.358:ERROR:content\browser\network_service_instance_impl.cc:243] Encountered error while migrating network context data or granting sandbox access for C:\Temp\chrome-journal-club\Default\Network. Result: 11: The operation completed successfully. (0x0)
[0415/130915.360:ERROR:net\disk_cache\cache_util_win.cc:25] Unable to move the cache: Access is denied. (0x5)
[0415/130915.360:ERROR:net\disk_cache\cache_util_win.cc:25] Unable to move the cache: Access is denied. (0x5)
[0415/130915.360:ERROR:net\disk_cache\cache_util_win.cc:25] Unable to move the cache: Access is denied. (0x5)
[0415/130915.361:ERROR:net\disk_cache\disk_cache.cc:272] Unable to create cache
[0415/130915.361:ERROR:gpu\ipc\host\gpu_disk_cache.cc:725] Gpu Cache Creation failed: -2
[0415/130915.361:ERROR:net\disk_cache\disk_cache.cc:272] Unable to create cache
[0415/130915.361:ERROR:gpu\ipc\host\gpu_disk_cache.cc:725] Gpu Cache Creation failed: -2
[0415/130915.361:ERROR:net\disk_cache\disk_cache.cc:272] Unable to create cache
[0415/130915.361:ERROR:gpu\ipc\host\gpu_disk_cache.cc:725] Gpu Cache Creation failed: -2
[0415/130917.382:WARNING:components\leveldb_proto\internal\leveldb_database.cc:124] Unable to open C:\Temp\chrome-journal-club\Default\PersistentOriginTrials: IO error: C:\Temp\chrome-journal-club\Default\PersistentOriginTrials/LOCK: Access denied. (ChromeMethodBFE: 15::LockFile::5)
[0415/130918.398:ERROR:components\services\storage\service_worker\service_worker_storage.cc:1808] Failed to delete the database: Database IO error
[0415/130919.413:WARNING:components\leveldb_proto\internal\leveldb_database.cc:124] Unable to open C:\Temp\chrome-journal-club\Default\shared_proto_db\metadata: IO error: C:\Temp\chrome-journal-club\Default\shared_proto_db\metadata/LOCK: Access denied. (ChromeMethodBFE: 15::LockFile::5)
[0415/130921.435:WARNING:components\leveldb_proto\internal\leveldb_database.cc:124] Unable to open C:\Temp\chrome-journal-club\Default\shared_proto_db\metadata: IO error: C:\Temp\chrome-journal-club\Default\shared_proto_db\metadata/LOCK: Access denied. (ChromeMethodBFE: 15::LockFile::5)
[0415/130923.368:INFO:CONSOLE:0] "The resource https://sdfestaticassets-us-east-1.sciencedirectassets.com/shared-assets/24/images/elsevier-non-solus-new-grey.svg was preloaded using link preload but not used within a few seconds from the window's load event. Please make sure it has an appropriate `as` value and it is preloaded intentionally.", source: https://www.sciencedirect.com/science/article/pii/S0002937825007008 (0)
[0415/130923.445:WARNING:components\leveldb_proto\internal\leveldb_database.cc:124] Unable to open C:\Temp\chrome-journal-club\Default\shared_proto_db\metadata: IO error: C:\Temp\chrome-journal-club\Default\shared_proto_db\metadata/LOCK: Access denied. (ChromeMethodBFE: 15::LockFile::5)
[0415/130925.456:WARNING:components\leveldb_proto\internal\leveldb_database.cc:124] Unable to open C:\Temp\chrome-journal-club\Default\shared_proto_db\metadata: IO error: C:\Temp\chrome-journal-club\Default\shared_proto_db\metadata/LOCK: Access denied. (ChromeMethodBFE: 15::LockFile::5)
[0415/130934.629:INFO:CONSOLE:0] "The resource https://sdfestaticassets-us-east-1.sciencedirectassets.com/shared-assets/24/images/elsevier-non-solus-new-grey.svg was preloaded using link preload but not used within a few seconds from the window's load event. Please make sure it has an appropriate `as` value and it is preloaded intentionally.", source: https://www.sciencedirect.com/science/article/pii/S0002937825007008 (0)
[0415/131131.068:INFO:CONSOLE:0] "The resource https://sdfestaticassets-us-east-1.sciencedirectassets.com/shared-assets/24/images/elsevier-non-solus-new-grey.svg was preloaded using link preload but not used within a few seconds from the window's load event. Please make sure it has an appropriate `as` value and it is preloaded intentionally.", source: https://www.sciencedirect.com/science/article/pii/S0002937825007008?ref=pdf (0)
[0415/131525.273:INFO:CONSOLE:0] "The resource https://sdfestaticassets-us-east-1.sciencedirectassets.com/shared-assets/24/images/elsevier-non-solus-new-grey.svg was preloaded using link preload but not used within a few seconds from the window's load event. Please make sure it has an appropriate `as` value and it is preloaded intentionally.", source: https://www.sciencedirect.com/science/article/pii/S0002937825007008 (0)
[0415/131618.986:ERROR:content\browser\network_sandbox.cc:385] Failed to grant sandbox access to cache directory C:\Temp\chrome-journal-club\Default\Cache\Cache_Data: Access is denied. (0x5)
[0415/131618.986:ERROR:content\browser\network_sandbox.cc:318] Failed to grant sandbox access to NoVarySearch directory C:\Temp\chrome-journal-club\Default\Cache\No_Vary_Search: Access is denied. (0x5)
[0415/131618.986:ERROR:content\browser\network_sandbox.cc:318] Failed to grant sandbox access to SharedDictionary directory C:\Temp\chrome-journal-club\Default\Shared Dictionary: Access is denied. (0x5)
[0415/131618.986:ERROR:content\browser\network_sandbox.cc:490] Failed to grant sandbox access to network context data directory C:\Temp\chrome-journal-club\Default\Network: Access is denied. (0x5)
[0415/131618.986:ERROR:net\disk_cache\simple\simple_backend_impl.cc:744] Simple Cache Backend: wrong file structure on disk: 2 path: C:\Temp\chrome-journal-club\Default\Code Cache\wasm
[0415/131618.986:ERROR:net\disk_cache\cache_util_win.cc:25] Unable to move the cache: Access is denied. (0x5)
[0415/131619.000:ERROR:net\disk_cache\disk_cache.cc:272] Unable to create cache
[0415/131619.003:ERROR:net\disk_cache\simple\simple_backend_impl.cc:744] Simple Cache Backend: wrong file structure on disk: 2 path: C:\Temp\chrome-journal-club\Default\Code Cache\js
[0415/131619.003:ERROR:net\disk_cache\cache_util_win.cc:25] Unable to move the cache: Access is denied. (0x5)
[0415/131619.003:ERROR:net\disk_cache\disk_cache.cc:272] Unable to create cache
[0415/131619.004:ERROR:content\browser\network_service_instance_impl.cc:243] Encountered error while migrating network context data or granting sandbox access for C:\Temp\chrome-journal-club\Default\Network. Result: 11: The operation completed successfully. (0x0)
[0415/131619.004:ERROR:net\disk_cache\cache_util_win.cc:25] Unable to move the cache: Access is denied. (0x5)
[0415/131619.004:ERROR:net\disk_cache\cache_util_win.cc:25] Unable to move the cache: Access is denied. (0x5)
[0415/131619.004:ERROR:net\disk_cache\cache_util_win.cc:25] Unable to move the cache: Access is denied. (0x5)
[0415/131619.004:ERROR:net\disk_cache\disk_cache.cc:272] Unable to create cache
[0415/131619.004:ERROR:gpu\ipc\host\gpu_disk_cache.cc:725] Gpu Cache Creation failed: -2
[0415/131619.004:ERROR:net\disk_cache\disk_cache.cc:272] Unable to create cache
[0415/131619.004:ERROR:gpu\ipc\host\gpu_disk_cache.cc:725] Gpu Cache Creation failed: -2
[0415/131619.004:ERROR:net\disk_cache\disk_cache.cc:272] Unable to create cache
[0415/131619.004:ERROR:gpu\ipc\host\gpu_disk_cache.cc:725] Gpu Cache Creation failed: -2
[0415/131621.021:WARNING:components\leveldb_proto\internal\leveldb_database.cc:124] Unable to open C:\Temp\chrome-journal-club\Default\PersistentOriginTrials: IO error: C:\Temp\chrome-journal-club\Default\PersistentOriginTrials/LOCK: Access denied. (ChromeMethodBFE: 15::LockFile::5)
[0415/131622.035:ERROR:components\services\storage\service_worker\service_worker_storage.cc:1808] Failed to delete the database: Database IO error
[0415/131623.043:WARNING:components\leveldb_proto\internal\leveldb_database.cc:124] Unable to open C:\Temp\chrome-journal-club\Default\shared_proto_db\metadata: IO error: C:\Temp\chrome-journal-club\Default\shared_proto_db\metadata/LOCK: Access denied. (ChromeMethodBFE: 15::LockFile::5)
[0415/131625.048:WARNING:components\leveldb_proto\internal\leveldb_database.cc:124] Unable to open C:\Temp\chrome-journal-club\Default\shared_proto_db\metadata: IO error: C:\Temp\chrome-journal-club\Default\shared_proto_db\metadata/LOCK: Access denied. (ChromeMethodBFE: 15::LockFile::5)
[0415/131627.078:WARNING:components\leveldb_proto\internal\leveldb_database.cc:124] Unable to open C:\Temp\chrome-journal-club\Default\shared_proto_db\metadata: IO error: C:\Temp\chrome-journal-club\Default\shared_proto_db\metadata/LOCK: Access denied. (ChromeMethodBFE: 15::LockFile::5)
[0415/131627.247:INFO:CONSOLE:0] "The resource https://sdfestaticassets-us-east-1.sciencedirectassets.com/shared-assets/24/images/elsevier-non-solus-new-grey.svg was preloaded using link preload but not used within a few seconds from the window's load event. Please make sure it has an appropriate `as` value and it is preloaded intentionally.", source: https://www.sciencedirect.com/science/article/pii/S0002937825007008 (0)
[0415/131629.095:WARNING:components\leveldb_proto\internal\leveldb_database.cc:124] Unable to open C:\Temp\chrome-journal-club\Default\shared_proto_db\metadata: IO error: C:\Temp\chrome-journal-club\Default\shared_proto_db\metadata/LOCK: Access denied. (ChromeMethodBFE: 15::LockFile::5)
[0415/131638.304:INFO:CONSOLE:0] "The resource https://sdfestaticassets-us-east-1.sciencedirectassets.com/shared-assets/24/images/elsevier-non-solus-new-grey.svg was preloaded using link preload but not used within a few seconds from the window's load event. Please make sure it has an appropriate `as` value and it is preloaded intentionally.", source: https://www.sciencedirect.com/science/article/pii/S0002937825007008 (0)
[0415/131834.593:INFO:CONSOLE:0] "The resource https://sdfestaticassets-us-east-1.sciencedirectassets.com/shared-assets/24/images/elsevier-non-solus-new-grey.svg was preloaded using link preload but not used within a few seconds from the window's load event. Please make sure it has an appropriate `as` value and it is preloaded intentionally.", source: https://www.sciencedirect.com/science/article/pii/S0002937825007008?ref=pdf (0)
[0415/132228.149:INFO:CONSOLE:0] "The resource https://sdfestaticassets-us-east-1.sciencedirectassets.com/shared-assets/24/images/elsevier-non-solus-new-grey.svg was preloaded using link preload but not used within a few seconds from the window's load event. Please make sure it has an appropriate `as` value and it is preloaded intentionally.", source: https://www.sciencedirect.com/science/article/pii/S0002937825007008 (0)
[0415/134517.929:ERROR:content\browser\network_sandbox.cc:385] Failed to grant sandbox access to cache directory C:\Temp\chrome-journal-club\Default\Cache\Cache_Data: Access is denied. (0x5)
[0415/134517.929:ERROR:content\browser\network_sandbox.cc:318] Failed to grant sandbox access to NoVarySearch directory C:\Temp\chrome-journal-club\Default\Cache\No_Vary_Search: Access is denied. (0x5)
[0415/134517.930:ERROR:content\browser\network_sandbox.cc:318] Failed to grant sandbox access to SharedDictionary directory C:\Temp\chrome-journal-club\Default\Shared Dictionary: Access is denied. (0x5)
[0415/134517.930:ERROR:net\disk_cache\simple\simple_backend_impl.cc:744] Simple Cache Backend: wrong file structure on disk: 2 path: C:\Temp\chrome-journal-club\Default\Code Cache\js
[0415/134517.930:ERROR:net\disk_cache\simple\simple_backend_impl.cc:744] Simple Cache Backend: wrong file structure on disk: 2 path: C:\Temp\chrome-journal-club\Default\Code Cache\wasm
[0415/134517.930:ERROR:net\disk_cache\cache_util_win.cc:25] Unable to move the cache: Access is denied. (0x5)
[0415/134517.930:ERROR:net\disk_cache\cache_util_win.cc:25] Unable to move the cache: Access is denied. (0x5)
[0415/134517.930:ERROR:net\disk_cache\disk_cache.cc:272] Unable to create cache
[0415/134517.930:ERROR:net\disk_cache\disk_cache.cc:272] Unable to create cache
[0415/134517.930:ERROR:content\browser\network_sandbox.cc:490] Failed to grant sandbox access to network context data directory C:\Temp\chrome-journal-club\Default\Network: Access is denied. (0x5)
[0415/134517.939:ERROR:content\browser\network_service_instance_impl.cc:243] Encountered error while migrating network context data or granting sandbox access for C:\Temp\chrome-journal-club\Default\Network. Result: 11: The operation completed successfully. (0x0)
[0415/134517.940:ERROR:net\disk_cache\cache_util_win.cc:25] Unable to move the cache: Access is denied. (0x5)
[0415/134517.940:ERROR:net\disk_cache\cache_util_win.cc:25] Unable to move the cache: Access is denied. (0x5)
[0415/134517.940:ERROR:net\disk_cache\cache_util_win.cc:25] Unable to move the cache: Access is denied. (0x5)
[0415/134517.940:ERROR:net\disk_cache\disk_cache.cc:272] Unable to create cache
[0415/134517.940:ERROR:gpu\ipc\host\gpu_disk_cache.cc:725] Gpu Cache Creation failed: -2
[0415/134517.941:ERROR:net\disk_cache\disk_cache.cc:272] Unable to create cache
[0415/134517.941:ERROR:gpu\ipc\host\gpu_disk_cache.cc:725] Gpu Cache Creation failed: -2
[0415/134517.941:ERROR:net\disk_cache\disk_cache.cc:272] Unable to create cache
[0415/134517.941:ERROR:gpu\ipc\host\gpu_disk_cache.cc:725] Gpu Cache Creation failed: -2
[0415/134519.959:WARNING:components\leveldb_proto\internal\leveldb_database.cc:124] Unable to open C:\Temp\chrome-journal-club\Default\PersistentOriginTrials: IO error: C:\Temp\chrome-journal-club\Default\PersistentOriginTrials/LOCK: Access denied. (ChromeMethodBFE: 15::LockFile::5)
[0415/134520.975:ERROR:components\services\storage\service_worker\service_worker_storage.cc:1808] Failed to delete the database: Database IO error
[0415/134521.991:WARNING:components\leveldb_proto\internal\leveldb_database.cc:124] Unable to open C:\Temp\chrome-journal-club\Default\shared_proto_db\metadata: IO error: C:\Temp\chrome-journal-club\Default\shared_proto_db\metadata/LOCK: Access denied. (ChromeMethodBFE: 15::LockFile::5)
[0415/134524.025:WARNING:components\leveldb_proto\internal\leveldb_database.cc:124] Unable to open C:\Temp\chrome-journal-club\Default\shared_proto_db\metadata: IO error: C:\Temp\chrome-journal-club\Default\shared_proto_db\metadata/LOCK: Access denied. (ChromeMethodBFE: 15::LockFile::5)
[0415/134526.039:WARNING:components\leveldb_proto\internal\leveldb_database.cc:124] Unable to open C:\Temp\chrome-journal-club\Default\shared_proto_db\metadata: IO error: C:\Temp\chrome-journal-club\Default\shared_proto_db\metadata/LOCK: Access denied. (ChromeMethodBFE: 15::LockFile::5)
[0415/134528.053:WARNING:components\leveldb_proto\internal\leveldb_database.cc:124] Unable to open C:\Temp\chrome-journal-club\Default\shared_proto_db\metadata: IO error: C:\Temp\chrome-journal-club\Default\shared_proto_db\metadata/LOCK: Access denied. (ChromeMethodBFE: 15::LockFile::5)
[0415/134528.220:INFO:CONSOLE:0] "The resource https://sdfestaticassets-us-east-1.sciencedirectassets.com/shared-assets/24/images/elsevier-non-solus-new-grey.svg was preloaded using link preload but not used within a few seconds from the window's load event. Please make sure it has an appropriate `as` value and it is preloaded intentionally.", source: https://www.sciencedirect.com/science/article/pii/S0002937825009329 (0)
[0415/134539.127:INFO:CONSOLE:0] "The resource https://sdfestaticassets-us-east-1.sciencedirectassets.com/shared-assets/24/images/elsevier-non-solus-new-grey.svg was preloaded using link preload but not used within a few seconds from the window's load event. Please make sure it has an appropriate `as` value and it is preloaded intentionally.", source: https://www.sciencedirect.com/science/article/pii/S0002937825009329 (0)
[0415/134735.017:INFO:CONSOLE:0] "The resource https://sdfestaticassets-us-east-1.sciencedirectassets.com/shared-assets/24/images/elsevier-non-solus-new-grey.svg was preloaded using link preload but not used within a few seconds from the window's load event. Please make sure it has an appropriate `as` value and it is preloaded intentionally.", source: https://www.sciencedirect.com/science/article/pii/S0002937825009329?ref=pdf (0)
[0415/135127.680:INFO:CONSOLE:0] "The resource https://sdfestaticassets-us-east-1.sciencedirectassets.com/shared-assets/24/images/elsevier-non-solus-new-grey.svg was preloaded using link preload but not used within a few seconds from the window's load event. Please make sure it has an appropriate `as` value and it is preloaded intentionally.", source: https://www.sciencedirect.com/science/article/pii/S0002937825009329 (0)
[0415/135221.078:ERROR:content\browser\network_sandbox.cc:385] Failed to grant sandbox access to cache directory C:\Temp\chrome-journal-club\Default\Cache\Cache_Data: Access is denied. (0x5)
[0415/135221.078:ERROR:content\browser\network_sandbox.cc:318] Failed to grant sandbox access to NoVarySearch directory C:\Temp\chrome-journal-club\Default\Cache\No_Vary_Search: Access is denied. (0x5)
[0415/135221.078:ERROR:content\browser\network_sandbox.cc:318] Failed to grant sandbox access to SharedDictionary directory C:\Temp\chrome-journal-club\Default\Shared Dictionary: Access is denied. (0x5)
[0415/135221.078:ERROR:net\disk_cache\simple\simple_backend_impl.cc:744] Simple Cache Backend: wrong file structure on disk: 2 path: C:\Temp\chrome-journal-club\Default\Code Cache\wasm
[0415/135221.078:ERROR:net\disk_cache\simple\simple_backend_impl.cc:744] Simple Cache Backend: wrong file structure on disk: 2 path: C:\Temp\chrome-journal-club\Default\Code Cache\js
[0415/135221.078:ERROR:content\browser\network_sandbox.cc:490] Failed to grant sandbox access to network context data directory C:\Temp\chrome-journal-club\Default\Network: Access is denied. (0x5)
[0415/135221.078:ERROR:net\disk_cache\cache_util_win.cc:25] Unable to move the cache: Access is denied. (0x5)
[0415/135221.078:ERROR:net\disk_cache\disk_cache.cc:272] Unable to create cache
[0415/135221.078:ERROR:net\disk_cache\cache_util_win.cc:25] Unable to move the cache: Access is denied. (0x5)
[0415/135221.078:ERROR:net\disk_cache\disk_cache.cc:272] Unable to create cache
[0415/135221.078:ERROR:content\browser\network_service_instance_impl.cc:243] Encountered error while migrating network context data or granting sandbox access for C:\Temp\chrome-journal-club\Default\Network. Result: 11: The operation completed successfully. (0x0)
[0415/135221.078:ERROR:net\disk_cache\cache_util_win.cc:25] Unable to move the cache: Access is denied. (0x5)
[0415/135221.078:ERROR:net\disk_cache\cache_util_win.cc:25] Unable to move the cache: Access is denied. (0x5)
[0415/135221.078:ERROR:net\disk_cache\cache_util_win.cc:25] Unable to move the cache: Access is denied. (0x5)
[0415/135221.078:ERROR:net\disk_cache\disk_cache.cc:272] Unable to create cache
[0415/135221.078:ERROR:gpu\ipc\host\gpu_disk_cache.cc:725] Gpu Cache Creation failed: -2
[0415/135221.078:ERROR:net\disk_cache\disk_cache.cc:272] Unable to create cache
[0415/135221.078:ERROR:gpu\ipc\host\gpu_disk_cache.cc:725] Gpu Cache Creation failed: -2
[0415/135221.078:ERROR:net\disk_cache\disk_cache.cc:272] Unable to create cache
[0415/135221.078:ERROR:gpu\ipc\host\gpu_disk_cache.cc:725] Gpu Cache Creation failed: -2
[0415/135223.098:WARNING:components\leveldb_proto\internal\leveldb_database.cc:124] Unable to open C:\Temp\chrome-journal-club\Default\PersistentOriginTrials: IO error: C:\Temp\chrome-journal-club\Default\PersistentOriginTrials/LOCK: Access denied. (ChromeMethodBFE: 15::LockFile::5)
[0415/135224.108:ERROR:components\services\storage\service_worker\service_worker_storage.cc:1808] Failed to delete the database: Database IO error
[0415/135225.123:WARNING:components\leveldb_proto\internal\leveldb_database.cc:124] Unable to open C:\Temp\chrome-journal-club\Default\shared_proto_db\metadata: IO error: C:\Temp\chrome-journal-club\Default\shared_proto_db\metadata/LOCK: Access denied. (ChromeMethodBFE: 15::LockFile::5)
[0415/135227.143:WARNING:components\leveldb_proto\internal\leveldb_database.cc:124] Unable to open C:\Temp\chrome-journal-club\Default\shared_proto_db\metadata: IO error: C:\Temp\chrome-journal-club\Default\shared_proto_db\metadata/LOCK: Access denied. (ChromeMethodBFE: 15::LockFile::5)
[0415/135228.639:INFO:CONSOLE:0] "The resource https://sdfestaticassets-us-east-1.sciencedirectassets.com/shared-assets/24/images/elsevier-non-solus-new-grey.svg was preloaded using link preload but not used within a few seconds from the window's load event. Please make sure it has an appropriate `as` value and it is preloaded intentionally.", source: https://www.sciencedirect.com/science/article/pii/S0002937825009329 (0)
[0415/135229.165:WARNING:components\leveldb_proto\internal\leveldb_database.cc:124] Unable to open C:\Temp\chrome-journal-club\Default\shared_proto_db\metadata: IO error: C:\Temp\chrome-journal-club\Default\shared_proto_db\metadata/LOCK: Access denied. (ChromeMethodBFE: 15::LockFile::5)
[0415/135231.178:WARNING:components\leveldb_proto\internal\leveldb_database.cc:124] Unable to open C:\Temp\chrome-journal-club\Default\shared_proto_db\metadata: IO error: C:\Temp\chrome-journal-club\Default\shared_proto_db\metadata/LOCK: Access denied. (ChromeMethodBFE: 15::LockFile::5)
[0415/135239.672:INFO:CONSOLE:0] "The resource https://sdfestaticassets-us-east-1.sciencedirectassets.com/shared-assets/24/images/elsevier-non-solus-new-grey.svg was preloaded using link preload but not used within a few seconds from the window's load event. Please make sure it has an appropriate `as` value and it is preloaded intentionally.", source: https://www.sciencedirect.com/science/article/pii/S0002937825009329 (0)
[0415/135435.537:INFO:CONSOLE:0] "The resource https://sdfestaticassets-us-east-1.sciencedirectassets.com/shared-assets/24/images/elsevier-non-solus-new-grey.svg was preloaded using link preload but not used within a few seconds from the window's load event. Please make sure it has an appropriate `as` value and it is preloaded intentionally.", source: https://www.sciencedirect.com/science/article/pii/S0002937825009329?ref=pdf (0)
